// Jest Snapshot v1, https://goo.gl/fbAQLP

exports[`should match with snapshot 1`] = `
<View
  style={
    {
      "flex": 1,
    }
  }
>
  <Text
    style={
      {
        "color": "black",
        "fontSize": 30,
      }
    }
  >
       Testing  
  </Text>
  <RCTScrollView
    data={
      [
        [],
      ]
    }
    getItem={[Function]}
    getItemCount={[Function]}
    keyExtractor={[Function]}
    onContentSizeChange={[Function]}
    onLayout={[Function]}
    onMomentumScrollBegin={[Function]}
    onMomentumScrollEnd={[Function]}
    onScroll={[Function]}
    onScrollBeginDrag={[Function]}
    onScrollEndDrag={[Function]}
    removeClippedSubviews={false}
    renderItem={[Function]}
    scrollEventThrottle={50}
    stickyHeaderIndices={[]}
    testID="list"
    viewabilityConfigCallbackPairs={[]}
  >
    <View>
      <View
        onFocusCapture={[Function]}
        onLayout={[Function]}
        style={null}
      >
        <Text />
      </View>
    </View>
  </RCTScrollView>
  <TextInput
    onChangeText={[Function]}
    placeholder="Add..."
    style={
      {
        "backgroundColor": "#bdbdbdbd",
        "borderColor": "gray",
        "borderRadius": 8,
        "borderWidth": 1,
        "margin": 10,
        "padding": 10,
      }
    }
    testID="Change-text"
  />
  <View
    accessibilityState={
      {
        "busy": undefined,
        "checked": undefined,
        "disabled": undefined,
        "expanded": undefined,
        "selected": undefined,
      }
    }
    accessibilityValue={
      {
        "max": undefined,
        "min": undefined,
        "now": undefined,
        "text": undefined,
      }
    }
    accessible={true}
    collapsable={false}
    focusable={true}
    onClick={[Function]}
    onResponderGrant={[Function]}
    onResponderMove={[Function]}
    onResponderRelease={[Function]}
    onResponderTerminate={[Function]}
    onResponderTerminationRequest={[Function]}
    onStartShouldSetResponder={[Function]}
    style={
      {
        "backgroundColor": "blue",
        "borderColor": "balck",
        "borderRadius": 8,
        "borderWidth": 1,
        "margin": 10,
        "opacity": 1,
        "padding": 10,
      }
    }
    testID="touchable-button"
  >
    <Text
      style={
        {
          "color": "white",
        }
      }
    >
      Add
    </Text>
  </View>
</View>
`;
